127.0.0.1 - - [31/Oct/2025:15:25:48 +0000] "GET / HTTP/1.1" 302 265 "-" "Mozilla/5.0 (X11; Linux x86_64) AppleWebKit/537.36 (KHTML, like Gecko) HeadlessChrome/140.0.0.0 Safari/537.36"
10.81.0.54 - - [31/Oct/2025:15:25:48 +0000] "GET / HTTP/1.1" 302 379 "-" "Mozilla/5.0 (Macintosh; Intel Mac OS X 10_15_7) AppleWebKit/537.36 (KHTML, like Gecko) Replit/1.0.14 Chrome/124.0.6367.119 Electron/30.0.3 Safari/537.36"
127.0.0.1 - - [31/Oct/2025:15:25:49 +0000] "GET /auth/login?next=http://127.0.0.1:5000/ HTTP/1.1" 200 9418 "-" "Mozilla/5.0 (X11; Linux x86_64) AppleWebKit/537.36 (KHTML, like Gecko) HeadlessChrome/140.0.0.0 Safari/537.36"
10.81.0.54 - - [31/Oct/2025:15:25:49 +0000] "GET /auth/login?next=https://55ab1b06-006d-47ec-9b73-b827f4e0f641-00-1fje9legmrd1y.riker.replit.dev/ HTTP/1.1" 200 9418 "-" "Mozilla/5.0 (Macintosh; Intel Mac OS X 10_15_7) AppleWebKit/537.36 (KHTML, like Gecko) Replit/1.0.14 Chrome/124.0.6367.119 Electron/30.0.3 Safari/537.36"
127.0.0.1 - - [31/Oct/2025:15:25:49 +0000] "GET /static/css/custom.css HTTP/1.1" 200 0 "http://127.0.0.1:5000/auth/login?next=http://127.0.0.1:5000/" "Mozilla/5.0 (X11; Linux x86_64) AppleWebKit/537.36 (KHTML, like Gecko) HeadlessChrome/140.0.0.0 Safari/537.36"
127.0.0.1 - - [31/Oct/2025:15:25:49 +0000] "GET /static/css/medical_styles.css HTTP/1.1" 200 0 "http://127.0.0.1:5000/auth/login?next=http://127.0.0.1:5000/" "Mozilla/5.0 (X11; Linux x86_64) AppleWebKit/537.36 (KHTML, like Gecko) HeadlessChrome/140.0.0.0 Safari/537.36"
127.0.0.1 - - [31/Oct/2025:15:25:49 +0000] "GET /static/css/medical_terminology_ui.css HTTP/1.1" 200 0 "http://127.0.0.1:5000/auth/login?next=http://127.0.0.1:5000/" "Mozilla/5.0 (X11; Linux x86_64) AppleWebKit/537.36 (KHTML, like Gecko) HeadlessChrome/140.0.0.0 Safari/537.36"
127.0.0.1 - - [31/Oct/2025:15:25:49 +0000] "GET /static/css/loading-states.css HTTP/1.1" 200 0 "http://127.0.0.1:5000/auth/login?next=http://127.0.0.1:5000/" "Mozilla/5.0 (X11; Linux x86_64) AppleWebKit/537.36 (KHTML, like Gecko) HeadlessChrome/140.0.0.0 Safari/537.36"
127.0.0.1 - - [31/Oct/2025:15:25:49 +0000] "GET /static/js/medical_terminology.js HTTP/1.1" 200 0 "http://127.0.0.1:5000/auth/login?next=http://127.0.0.1:5000/" "Mozilla/5.0 (X11; Linux x86_64) AppleWebKit/537.36 (KHTML, like Gecko) HeadlessChrome/140.0.0.0 Safari/537.36"
10.81.0.54 - - [31/Oct/2025:15:25:49 +0000] "GET /static/css/custom.css HTTP/1.1" 304 0 "https://55ab1b06-006d-47ec-9b73-b827f4e0f641-00-1fje9legmrd1y.riker.replit.dev/auth/login?next=https://55ab1b06-006d-47ec-9b73-b827f4e0f641-00-1fje9legmrd1y.riker.replit.dev/" "Mozilla/5.0 (Macintosh; Intel Mac OS X 10_15_7) AppleWebKit/537.36 (KHTML, like Gecko) Replit/1.0.14 Chrome/124.0.6367.119 Electron/30.0.3 Safari/537.36"
10.81.3.156 - - [31/Oct/2025:15:25:49 +0000] "GET /static/css/medical_styles.css HTTP/1.1" 304 0 "https://55ab1b06-006d-47ec-9b73-b827f4e0f641-00-1fje9legmrd1y.riker.replit.dev/auth/login?next=https://55ab1b06-006d-47ec-9b73-b827f4e0f641-00-1fje9legmrd1y.riker.replit.dev/" "Mozilla/5.0 (Macintosh; Intel Mac OS X 10_15_7) AppleWebKit/537.36 (KHTML, like Gecko) Replit/1.0.14 Chrome/124.0.6367.119 Electron/30.0.3 Safari/537.36"
10.81.3.156 - - [31/Oct/2025:15:25:49 +0000] "GET /static/css/medical_terminology_ui.css HTTP/1.1" 304 0 "https://55ab1b06-006d-47ec-9b73-b827f4e0f641-00-1fje9legmrd1y.riker.replit.dev/auth/login?next=https://55ab1b06-006d-47ec-9b73-b827f4e0f641-00-1fje9legmrd1y.riker.replit.dev/" "Mozilla/5.0 (Macintosh; Intel Mac OS X 10_15_7) AppleWebKit/537.36 (KHTML, like Gecko) Replit/1.0.14 Chrome/124.0.6367.119 Electron/30.0.3 Safari/537.36"
10.81.3.156 - - [31/Oct/2025:15:25:49 +0000] "GET /static/css/loading-states.css HTTP/1.1" 304 0 "https://55ab1b06-006d-47ec-9b73-b827f4e0f641-00-1fje9legmrd1y.riker.replit.dev/auth/login?next=https://55ab1b06-006d-47ec-9b73-b827f4e0f641-00-1fje9legmrd1y.riker.replit.dev/" "Mozilla/5.0 (Macintosh; Intel Mac OS X 10_15_7) AppleWebKit/537.36 (KHTML, like Gecko) Replit/1.0.14 Chrome/124.0.6367.119 Electron/30.0.3 Safari/537.36"
10.81.14.120 - - [31/Oct/2025:15:25:49 +0000] "GET /static/js/medical_terminology.js HTTP/1.1" 304 0 "https://55ab1b06-006d-47ec-9b73-b827f4e0f641-00-1fje9legmrd1y.riker.replit.dev/auth/login?next=https://55ab1b06-006d-47ec-9b73-b827f4e0f641-00-1fje9legmrd1y.riker.replit.dev/" "Mozilla/5.0 (Macintosh; Intel Mac OS X 10_15_7) AppleWebKit/537.36 (KHTML, like Gecko) Replit/1.0.14 Chrome/124.0.6367.119 Electron/30.0.3 Safari/537.36"
127.0.0.1 - - [31/Oct/2025:15:25:49 +0000] "GET /favicon.ico HTTP/1.1" 404 9557 "http://127.0.0.1:5000/auth/login?next=http://127.0.0.1:5000/" "Mozilla/5.0 (X11; Linux x86_64) AppleWebKit/537.36 (KHTML, like Gecko) HeadlessChrome/140.0.0.0 Safari/537.36"
10.81.14.120 - - [31/Oct/2025:15:25:57 +0000] "GET /auth/login HTTP/1.1" 200 9036 "-" "Mozilla/5.0 (Macintosh; Intel Mac OS X 10_15_7) AppleWebKit/537.36 (KHTML, like Gecko) Replit/1.0.14 Chrome/124.0.6367.119 Electron/30.0.3 Safari/537.36"
127.0.0.1 - - [31/Oct/2025:15:25:57 +0000] "GET /auth/login HTTP/1.1" 200 9036 "-" "Mozilla/5.0 (X11; Linux x86_64) AppleWebKit/537.36 (KHTML, like Gecko) HeadlessChrome/140.0.0.0 Safari/537.36"
127.0.0.1 - - [31/Oct/2025:15:25:57 +0000] "GET /static/css/custom.css HTTP/1.1" 304 0 "http://127.0.0.1:5000/auth/login" "Mozilla/5.0 (X11; Linux x86_64) AppleWebKit/537.36 (KHTML, like Gecko) HeadlessChrome/140.0.0.0 Safari/537.36"
127.0.0.1 - - [31/Oct/2025:15:25:57 +0000] "GET /static/css/medical_styles.css HTTP/1.1" 304 0 "http://127.0.0.1:5000/auth/login" "Mozilla/5.0 (X11; Linux x86_64) AppleWebKit/537.36 (KHTML, like Gecko) HeadlessChrome/140.0.0.0 Safari/537.36"
127.0.0.1 - - [31/Oct/2025:15:25:57 +0000] "GET /static/css/medical_terminology_ui.css HTTP/1.1" 304 0 "http://127.0.0.1:5000/auth/login" "Mozilla/5.0 (X11; Linux x86_64) AppleWebKit/537.36 (KHTML, like Gecko) HeadlessChrome/140.0.0.0 Safari/537.36"
127.0.0.1 - - [31/Oct/2025:15:25:57 +0000] "GET /static/css/loading-states.css HTTP/1.1" 304 0 "http://127.0.0.1:5000/auth/login" "Mozilla/5.0 (X11; Linux x86_64) AppleWebKit/537.36 (KHTML, like Gecko) HeadlessChrome/140.0.0.0 Safari/537.36"
127.0.0.1 - - [31/Oct/2025:15:25:57 +0000] "GET /static/js/medical_terminology.js HTTP/1.1" 304 0 "http://127.0.0.1:5000/auth/login" "Mozilla/5.0 (X11; Linux x86_64) AppleWebKit/537.36 (KHTML, like Gecko) HeadlessChrome/140.0.0.0 Safari/537.36"
10.81.3.156 - - [31/Oct/2025:15:25:57 +0000] "GET /static/css/custom.css HTTP/1.1" 304 0 "https://55ab1b06-006d-47ec-9b73-b827f4e0f641-00-1fje9legmrd1y.riker.replit.dev/auth/login" "Mozilla/5.0 (Macintosh; Intel Mac OS X 10_15_7) AppleWebKit/537.36 (KHTML, like Gecko) Replit/1.0.14 Chrome/124.0.6367.119 Electron/30.0.3 Safari/537.36"
10.81.3.156 - - [31/Oct/2025:15:25:57 +0000] "GET /static/css/medical_styles.css HTTP/1.1" 304 0 "https://55ab1b06-006d-47ec-9b73-b827f4e0f641-00-1fje9legmrd1y.riker.replit.dev/auth/login" "Mozilla/5.0 (Macintosh; Intel Mac OS X 10_15_7) AppleWebKit/537.36 (KHTML, like Gecko) Replit/1.0.14 Chrome/124.0.6367.119 Electron/30.0.3 Safari/537.36"
10.81.3.156 - - [31/Oct/2025:15:25:57 +0000] "GET /static/css/medical_terminology_ui.css HTTP/1.1" 304 0 "https://55ab1b06-006d-47ec-9b73-b827f4e0f641-00-1fje9legmrd1y.riker.replit.dev/auth/login" "Mozilla/5.0 (Macintosh; Intel Mac OS X 10_15_7) AppleWebKit/537.36 (KHTML, like Gecko) Replit/1.0.14 Chrome/124.0.6367.119 Electron/30.0.3 Safari/537.36"
10.81.0.54 - - [31/Oct/2025:15:25:57 +0000] "GET /static/css/loading-states.css HTTP/1.1" 304 0 "https://55ab1b06-006d-47ec-9b73-b827f4e0f641-00-1fje9legmrd1y.riker.replit.dev/auth/login" "Mozilla/5.0 (Macintosh; Intel Mac OS X 10_15_7) AppleWebKit/537.36 (KHTML, like Gecko) Replit/1.0.14 Chrome/124.0.6367.119 Electron/30.0.3 Safari/537.36"
10.81.14.120 - - [31/Oct/2025:15:25:57 +0000] "GET /static/js/medical_terminology.js HTTP/1.1" 304 0 "https://55ab1b06-006d-47ec-9b73-b827f4e0f641-00-1fje9legmrd1y.riker.replit.dev/auth/login" "Mozilla/5.0 (Macintosh; Intel Mac OS X 10_15_7) AppleWebKit/537.36 (KHTML, like Gecko) Replit/1.0.14 Chrome/124.0.6367.119 Electron/30.0.3 Safari/537.36"
ERROR:app:Exception on /auth/login [POST]
Traceback (most recent call last):
  File "/home/runner/workspace/.pythonlibs/lib/python3.11/site-packages/sqlalchemy/engine/base.py", line 1961, in _exec_single_context
    self.dialect.do_execute(
  File "/home/runner/workspace/.pythonlibs/lib/python3.11/site-packages/sqlalchemy/engine/default.py", line 944, in do_execute
    cursor.execute(statement, parameters)
psycopg2.errors.UndefinedColumn: column users.security_question_1 does not exist
LINE 1: ...tempts, users.locked_until AS users_locked_until, users.secu...
                                                             ^


The above exception was the direct cause of the following exception:

Traceback (most recent call last):
  File "/home/runner/workspace/.pythonlibs/lib/python3.11/site-packages/flask/app.py", line 1511, in wsgi_app
    response = self.full_dispatch_request()
               ^^^^^^^^^^^^^^^^^^^^^^^^^^^^
  File "/home/runner/workspace/.pythonlibs/lib/python3.11/site-packages/flask/app.py", line 919, in full_dispatch_request
    rv = self.handle_user_exception(e)
         ^^^^^^^^^^^^^^^^^^^^^^^^^^^^^
  File "/home/runner/workspace/.pythonlibs/lib/python3.11/site-packages/flask/app.py", line 917, in full_dispatch_request
    rv = self.dispatch_request()
         ^^^^^^^^^^^^^^^^^^^^^^^
  File "/home/runner/workspace/.pythonlibs/lib/python3.11/site-packages/flask/app.py", line 902, in dispatch_request
    return self.ensure_sync(self.view_functions[rule.endpoint])(**view_args)  # type: ignore[no-any-return]
           ^^^^^^^^^^^^^^^^^^^^^^^^^^^^^^^^^^^^^^^^^^^^^^^^^^^^^^^^^^^^^^^^^
  File "/home/runner/workspace/routes/auth_routes.py", line 29, in login
    user = User.query.filter_by(username=form.username.data).first()
           ^^^^^^^^^^^^^^^^^^^^^^^^^^^^^^^^^^^^^^^^^^^^^^^^^^^^^^^^^
  File "/home/runner/workspace/.pythonlibs/lib/python3.11/site-packages/sqlalchemy/orm/query.py", line 2759, in first
    return self.limit(1)._iter().first()  # type: ignore
           ^^^^^^^^^^^^^^^^^^^^^
  File "/home/runner/workspace/.pythonlibs/lib/python3.11/site-packages/sqlalchemy/orm/query.py", line 2857, in _iter
    result: Union[ScalarResult[_T], Result[_T]] = self.session.execute(
                                                  ^^^^^^^^^^^^^^^^^^^^^
  File "/home/runner/workspace/.pythonlibs/lib/python3.11/site-packages/sqlalchemy/orm/session.py", line 2365, in execute
    return self._execute_internal(
           ^^^^^^^^^^^^^^^^^^^^^^^
  File "/home/runner/workspace/.pythonlibs/lib/python3.11/site-packages/sqlalchemy/orm/session.py", line 2251, in _execute_internal
    result: Result[Any] = compile_state_cls.orm_execute_statement(
                          ^^^^^^^^^^^^^^^^^^^^^^^^^^^^^^^^^^^^^^^^
  File "/home/runner/workspace/.pythonlibs/lib/python3.11/site-packages/sqlalchemy/orm/context.py", line 306, in orm_execute_statement
    result = conn.execute(
             ^^^^^^^^^^^^^
  File "/home/runner/workspace/.pythonlibs/lib/python3.11/site-packages/sqlalchemy/engine/base.py", line 1413, in execute
    return meth(
           ^^^^^
  File "/home/runner/workspace/.pythonlibs/lib/python3.11/site-packages/sqlalchemy/sql/elements.py", line 526, in _execute_on_connection
    return connection._execute_clauseelement(
           ^^^^^^^^^^^^^^^^^^^^^^^^^^^^^^^^^^
  File "/home/runner/workspace/.pythonlibs/lib/python3.11/site-packages/sqlalchemy/engine/base.py", line 1635, in _execute_clauseelement
    ret = self._execute_context(
          ^^^^^^^^^^^^^^^^^^^^^^
  File "/home/runner/workspace/.pythonlibs/lib/python3.11/site-packages/sqlalchemy/engine/base.py", line 1840, in _execute_context
    return self._exec_single_context(
           ^^^^^^^^^^^^^^^^^^^^^^^^^^
  File "/home/runner/workspace/.pythonlibs/lib/python3.11/site-packages/sqlalchemy/engine/base.py", line 1980, in _exec_single_context
    self._handle_dbapi_exception(
  File "/home/runner/workspace/.pythonlibs/lib/python3.11/site-packages/sqlalchemy/engine/base.py", line 2349, in _handle_dbapi_exception
    raise sqlalchemy_exception.with_traceback(exc_info[2]) from e
  File "/home/runner/workspace/.pythonlibs/lib/python3.11/site-packages/sqlalchemy/engine/base.py", line 1961, in _exec_single_context
    self.dialect.do_execute(
  File "/home/runner/workspace/.pythonlibs/lib/python3.11/site-packages/sqlalchemy/engine/default.py", line 944, in do_execute
    cursor.execute(statement, parameters)
sqlalchemy.exc.ProgrammingError: (psycopg2.errors.UndefinedColumn) column users.security_question_1 does not exist
LINE 1: ...tempts, users.locked_until AS users_locked_until, users.secu...
                                                             ^

[SQL: SELECT users.id AS users_id, users.username AS users_username, users.email AS users_email, users.password_hash AS users_password_hash, users.role AS users_role, users.is_admin AS users_is_admin, users.is_active_user AS users_is_active_user, users.is_root_admin AS users_is_root_admin, users.org_id AS users_org_id, users.epic_user_id AS users_epic_user_id, users.two_factor_enabled AS users_two_factor_enabled, users.session_timeout_minutes AS users_session_timeout_minutes, users.last_activity AS users_last_activity, users.failed_login_attempts AS users_failed_login_attempts, users.locked_until AS users_locked_until, users.security_question_1 AS users_security_question_1, users.security_answer_1_hash AS users_security_answer_1_hash, users.security_question_2 AS users_security_question_2, users.security_answer_2_hash AS users_security_answer_2_hash, users.is_temp_password AS users_is_temp_password, users.password_reset_token AS users_password_reset_token, users.password_reset_expires AS users_password_reset_expires, users.email_verified AS users_email_verified, users.created_at AS users_created_at, users.last_login AS users_last_login, users.created_by AS users_created_by, users.updated_at AS users_updated_at 
FROM users 
WHERE users.username = %(username_1)s 
 LIMIT %(param_1)s]
[parameters: {'username_1': 'user', 'param_1': 1}]
(Background on this error at: https://sqlalche.me/e/20/f405)
10.81.14.120 - - [31/Oct/2025:15:27:34 +0000] "POST /auth/login HTTP/1.1" 500 12338 "https://55ab1b06-006d-47ec-9b73-b827f4e0f641-00-1fje9legmrd1y.riker.replit.dev/auth/login" "Mozilla/5.0 (Macintosh; Intel Mac OS X 10_15_7) AppleWebKit/537.36 (KHTML, like Gecko) Replit/1.0.14 Chrome/124.0.6367.119 Electron/30.0.3 Safari/537.36"
INFO:flask_wtf.csrf:The CSRF token is missing.
10.81.14.120 - - [31/Oct/2025:15:27:34 +0000] "POST /admin/log-error HTTP/1.1" 400 6302 "https://55ab1b06-006d-47ec-9b73-b827f4e0f641-00-1fje9legmrd1y.riker.replit.dev/auth/login" "Mozilla/5.0 (Macintosh; Intel Mac OS X 10_15_7) AppleWebKit/537.36 (KHTML, like Gecko) Replit/1.0.14 Chrome/124.0.6367.119 Electron/30.0.3 Safari/537.36"
10.81.14.120 - - [31/Oct/2025:15:27:44 +0000] "GET /auth/login?retry=1 HTTP/1.1" 200 9036 "https://55ab1b06-006d-47ec-9b73-b827f4e0f641-00-1fje9legmrd1y.riker.replit.dev/auth/login" "Mozilla/5.0 (Macintosh; Intel Mac OS X 10_15_7) AppleWebKit/537.36 (KHTML, like Gecko) Replit/1.0.14 Chrome/124.0.6367.119 Electron/30.0.3 Safari/537.36"
10.81.0.54 - - [31/Oct/2025:15:27:45 +0000] "GET /static/css/medical_styles.css HTTP/1.1" 304 0 "https://55ab1b06-006d-47ec-9b73-b827f4e0f641-00-1fje9legmrd1y.riker.replit.dev/auth/login?retry=1" "Mozilla/5.0 (Macintosh; Intel Mac OS X 10_15_7) AppleWebKit/537.36 (KHTML, like Gecko) Replit/1.0.14 Chrome/124.0.6367.119 Electron/30.0.3 Safari/537.36"
10.81.3.156 - - [31/Oct/2025:15:27:45 +0000] "GET /static/css/medical_terminology_ui.css HTTP/1.1" 304 0 "https://55ab1b06-006d-47ec-9b73-b827f4e0f641-00-1fje9legmrd1y.riker.replit.dev/auth/login?retry=1" "Mozilla/5.0 (Macintosh; Intel Mac OS X 10_15_7) AppleWebKit/537.36 (KHTML, like Gecko) Replit/1.0.14 Chrome/124.0.6367.119 Electron/30.0.3 Safari/537.36"
10.81.3.156 - - [31/Oct/2025:15:27:45 +0000] "GET /static/css/loading-states.css HTTP/1.1" 304 0 "https://55ab1b06-006d-47ec-9b73-b827f4e0f641-00-1fje9legmrd1y.riker.replit.dev/auth/login?retry=1" "Mozilla/5.0 (Macintosh; Intel Mac OS X 10_15_7) AppleWebKit/537.36 (KHTML, like Gecko) Replit/1.0.14 Chrome/124.0.6367.119 Electron/30.0.3 Safari/537.36"
10.81.14.120 - - [31/Oct/2025:15:27:45 +0000] "GET /static/js/medical_terminology.js HTTP/1.1" 304 0 "https://55ab1b06-006d-47ec-9b73-b827f4e0f641-00-1fje9legmrd1y.riker.replit.dev/auth/login?retry=1" "Mozilla/5.0 (Macintosh; Intel Mac OS X 10_15_7) AppleWebKit/537.36 (KHTML, like Gecko) Replit/1.0.14 Chrome/124.0.6367.119 Electron/30.0.3 Safari/537.36"
10.81.3.156 - - [31/Oct/2025:15:27:45 +0000] "GET /static/css/custom.css HTTP/1.1" 304 0 "https://55ab1b06-006d-47ec-9b73-b827f4e0f641-00-1fje9legmrd1y.riker.replit.dev/auth/login?retry=1" "Mozilla/5.0 (Macintosh; Intel Mac OS X 10_15_7) AppleWebKit/537.36 (KHTML, like Gecko) Replit/1.0.14 Chrome/124.0.6367.119 Electron/30.0.3 Safari/537.36"
